// Jest Snapshot v1, https://goo.gl/fbAQLP

exports[`DetailField component should match DetailField Page snapshot 1`] = `
<DocumentFragment>
  <div
    class="docs-details"
  >
    <div
      class="docs-details__type"
    >
      type: 
      <span>
        Data
      </span>
    </div>
    <div
      class="docs-details__description"
    >
      description: 
      <span>
        description
      </span>
    </div>
  </div>
</DocumentFragment>
`;
