// Jest Snapshot v1, https://goo.gl/fbAQLP

exports[`logOut component should match logOut Page snapshot 1`] = `
<DocumentFragment>
  <button
    class="button"
  >
    Sign out
  </button>
</DocumentFragment>
`;
