// Jest Snapshot v1, https://goo.gl/fbAQLP

exports[`Registration component should match Registration Page snapshot 1`] = `
<DocumentFragment>
  <div
    class="container"
  >
    <div
      class="authorization"
    >
      <div
        class="authorization__container"
      >
        <h1>
          Create an account
        </h1>
        <form
          class="form"
        >
          <label
            class="label "
            for="firstName"
          >
            <span>
              Name:
            </span>
            <input
              id="firstName"
              name="firstName"
              placeholder="John"
              type="text"
            />
          </label>
          <label
            class="label "
            for="email"
          >
            <span>
              Email:
            </span>
            <input
              id="email"
              name="email"
              placeholder="email@gmail.com"
              type="text"
            />
          </label>
          <label
            class="label "
            for="password"
          >
            <span>
              Password (minimum 8 symbols, including a digit, letter, and special character)
            </span>
            <input
              id="password"
              name="password"
              type="password"
            />
          </label>
          <label
            class="label "
            for="confirmPassword"
          >
            <span>
              Confirm Password:
            </span>
            <input
              id="confirmPassword"
              name="confirmPassword"
              type="password"
            />
          </label>
          <button
            class="button button-second"
            type="submit"
          >
            Registration
          </button>
        </form>
      </div>
      <div
        class="authorization__information"
      >
        <h4>
          Registered user benefit:
        </h4>
        <div
          class="authorization__login"
        >
          Already have an account? Then just click 
          <a
            class=""
            href="/login"
          >
            Sign in
          </a>
          .
        </div>
      </div>
    </div>
  </div>
</DocumentFragment>
`;
