// Jest Snapshot v1, https://goo.gl/fbAQLP

exports[`registrationForm component should match registrationForm snapshot 1`] = `
<DocumentFragment>
  <form
    class="form"
  >
    <label
      class="label "
      for="firstName"
    >
      <span>
        Name:
      </span>
      <input
        id="firstName"
        name="firstName"
        placeholder="John"
        type="text"
      />
    </label>
    <label
      class="label "
      for="email"
    >
      <span>
        Email:
      </span>
      <input
        id="email"
        name="email"
        placeholder="email@gmail.com"
        type="text"
      />
    </label>
    <label
      class="label "
      for="password"
    >
      <span>
        Password (minimum 8 symbols, including a digit, letter, and special character)
      </span>
      <input
        id="password"
        name="password"
        type="password"
      />
    </label>
    <label
      class="label "
      for="confirmPassword"
    >
      <span>
        Confirm Password:
      </span>
      <input
        id="confirmPassword"
        name="confirmPassword"
        type="password"
      />
    </label>
    <button
      class="button button-second"
      type="submit"
    >
      Registration
    </button>
  </form>
</DocumentFragment>
`;
